// Vitest Snapshot v1, https://vitest.dev/guide/snapshot.html

exports[`matches animal link snapshot 1`] = `
{
  "asFragment": [Function],
  "baseElement": <body>
    <div>
      <article
        class="lg:px-4 px-1 w-full md:1/3 lg:w-1/4 my-4 fadeInUp "
      >
        <div
          aria-label="Card"
          class="card card-bordered image-full"
        >
          <figure>
            <img
              alt="playtpus"
              class="w-full max-h-80 "
              src="https://via.placeholder.com/150"
            />
          </figure>
          <div
            class="card-body"
          >
            <h2
              class="card-title"
            >
              playtpus
               
              Buddy
            </h2>
            <p>
              If a 
              playtpus
               chews shoes whose shoes does he choose?
            </p>
            <div
              class="card-actions justify-end"
            >
              <a
                class="btn btn-primary"
                data-discover="true"
                href="/pets/playtpus"
              >
                Click Here
              </a>
            </div>
          </div>
        </div>
      </article>
    </div>
  </body>,
  "container": <div>
    <article
      class="lg:px-4 px-1 w-full md:1/3 lg:w-1/4 my-4 fadeInUp "
    >
      <div
        aria-label="Card"
        class="card card-bordered image-full"
      >
        <figure>
          <img
            alt="playtpus"
            class="w-full max-h-80 "
            src="https://via.placeholder.com/150"
          />
        </figure>
        <div
          class="card-body"
        >
          <h2
            class="card-title"
          >
            playtpus
             
            Buddy
          </h2>
          <p>
            If a 
            playtpus
             chews shoes whose shoes does he choose?
          </p>
          <div
            class="card-actions justify-end"
          >
            <a
              class="btn btn-primary"
              data-discover="true"
              href="/pets/playtpus"
            >
              Click Here
            </a>
          </div>
        </div>
      </div>
    </article>
  </div>,
  "debug": [Function],
  "findAllByAltText": [Function],
  "findAllByDisplayValue": [Function],
  "findAllByLabelText": [Function],
  "findAllByPlaceholderText": [Function],
  "findAllByRole": [Function],
  "findAllByTestId": [Function],
  "findAllByText": [Function],
  "findAllByTitle": [Function],
  "findByAltText": [Function],
  "findByDisplayValue": [Function],
  "findByLabelText": [Function],
  "findByPlaceholderText": [Function],
  "findByRole": [Function],
  "findByTestId": [Function],
  "findByText": [Function],
  "findByTitle": [Function],
  "getAllByAltText": [Function],
  "getAllByDisplayValue": [Function],
  "getAllByLabelText": [Function],
  "getAllByPlaceholderText": [Function],
  "getAllByRole": [Function],
  "getAllByTestId": [Function],
  "getAllByText": [Function],
  "getAllByTitle": [Function],
  "getByAltText": [Function],
  "getByDisplayValue": [Function],
  "getByLabelText": [Function],
  "getByPlaceholderText": [Function],
  "getByRole": [Function],
  "getByTestId": [Function],
  "getByText": [Function],
  "getByTitle": [Function],
  "queryAllByAltText": [Function],
  "queryAllByDisplayValue": [Function],
  "queryAllByLabelText": [Function],
  "queryAllByPlaceholderText": [Function],
  "queryAllByRole": [Function],
  "queryAllByTestId": [Function],
  "queryAllByText": [Function],
  "queryAllByTitle": [Function],
  "queryByAltText": [Function],
  "queryByDisplayValue": [Function],
  "queryByLabelText": [Function],
  "queryByPlaceholderText": [Function],
  "queryByRole": [Function],
  "queryByTestId": [Function],
  "queryByText": [Function],
  "queryByTitle": [Function],
  "rerender": [Function],
  "unmount": [Function],
}
`;
